

====================================================================================================

  (Run Starting)

  ┌────────────────────────────────────────────────────────────────────────────────────────────────┐
  │ Cypress:        14.1.0                                                                         │
  │ Browser:        Electron 130 (headless)                                                        │
  │ Node Version:   v22.13.1 (C:\Program Files\nodejs\node.exe)                                    │
  │ Specs:          1 found (myTest.spec.cy.js)                                                    │
  │ Searched:       C:\tp\local-git-didier-tp-repositories\vanilla_cypress_frontend\cypress\e2e\my │
  │                 Test.spec.cy.js                                                                │
  └────────────────────────────────────────────────────────────────────────────────────────────────┘


────────────────────────────────────────────────────────────────────────────────────────────────────
                                                                                                    
  Running:  myTest.spec.cy.js                                                               (1 of 1)


  My HTML/JS Tests
    √ good addition in calculatrice.html (875ms)
    √ good multiplication in calculatrice.html (483ms)
    √ Historique cache ou bien affiche (706ms)


  3 passing (4s)


  (Results)

  ┌────────────────────────────────────────────────────────────────────────────────────────────────┐
  │ Tests:        3                                                                                │
  │ Passing:      3                                                                                │
  │ Failing:      0                                                                                │
  │ Pending:      0                                                                                │
  │ Skipped:      0                                                                                │
  │ Screenshots:  0                                                                                │
  │ Video:        false                                                                            │
  │ Duration:     4 seconds                                                                        │
  │ Spec Ran:     myTest.spec.cy.js                                                                │
  └────────────────────────────────────────────────────────────────────────────────────────────────┘


====================================================================================================

  (Run Finished)


       Spec                                              Tests  Passing  Failing  Pending  Skipped  
  ┌────────────────────────────────────────────────────────────────────────────────────────────────┐
  │ √  myTest.spec.cy.js                        00:04        3        3        -        -        - │
  └────────────────────────────────────────────────────────────────────────────────────────────────┘
    √  All specs passed!                        00:04        3        3        -        -        -  

